Vector (single precision):
  Array<1> (9)
 1
 2
 3
 3
 4
 5
 6
 7
 9

Norm 1: 40
Norm 2: 15.1658
Norm infinity: 9
Vector (double precision):
  Array<1> (9)
 1
 2
 3
 3
 4
 5
 6
 7
 9

Norm 1: 40
Norm 2: 15.1658
Norm infinity: 9
Vector (integers):
  Array<1> (9)
 1
 2
 3
 3
 4
 5
 6
 7
 9

Norm 1: 40
Norm 2: 15
Norm infinity: 9
Matrix (single precision):
  Array<2> (3x3)
 1 2 3
 3 4 5
 6 7 9

Norm 1: 17
Norm infinity: 22
Matrix (double precision):
  Array<2> (3x3)
 1 2 3
 3 4 5
 6 7 9

Norm 1: 17
Norm infinity: 22
Matrix (integers):
  Array<2> (3x3)
 1 2 3
 3 4 5
 6 7 9

Norm 1: 17
Norm infinity: 22
